// Vitest Snapshot v1, https://vitest.dev/guide/snapshot.html

exports[`dress-code-pearls > стабилен по снапшоту на дефолтах 1`] = `
"
    <section class="s-dcp">
      <div class="s-dcp__inner">
        <div class="s-dcp__head">
          <h2 class="s-dcp__title" data-prop="title">ДРЕСС-КОД</h2>
          <p class="s-dcp__subtitle" data-prop="subtitle">Мы подготовили цветовую палитру,
которая поможет поддержать стиль нашего торжества</p>
        </div>
        <div class="s-dcp__palette"><div class="s-dcp__swatch"><img class="s-dcp__pearl" src="/img/dress-code/pearl-cream.png" alt="" loading="lazy" /><p class="s-dcp__caption" data-prop="p1cap">кремовый</p></div><div class="s-dcp__swatch"><img class="s-dcp__pearl" src="/img/dress-code/pearl-silver.png" alt="" loading="lazy" /><p class="s-dcp__caption" data-prop="p2cap">серебро</p></div><div class="s-dcp__swatch"><img class="s-dcp__pearl" src="/img/dress-code/pearl-sand.png" alt="" loading="lazy" /><p class="s-dcp__caption" data-prop="p3cap">песочный</p></div><div class="s-dcp__swatch"><img class="s-dcp__pearl" src="/img/dress-code/pearl-caramel.png" alt="" loading="lazy" /><p class="s-dcp__caption" data-prop="p4cap">карамель</p></div><div class="s-dcp__swatch"><img class="s-dcp__pearl" src="/img/dress-code/pearl-chocolate.png" alt="" loading="lazy" /><p class="s-dcp__caption" data-prop="p5cap">шоколад</p></div></div>
        <div class="s-dcp__attire"><div class="s-dcp__group"><p class="s-dcp__group-title" data-prop="womenTitle">ДЛЯ ЖЕНЩИН</p><p class="s-dcp__group-text" data-prop="womenText">коктейльные платья, нарядные блузки, юбки
украшения из жемчуга и драгоценных камней
обувь на удобном каблуке</p></div><div class="s-dcp__group"><p class="s-dcp__group-title" data-prop="menTitle">ДЛЯ МУЖЧИН</p><p class="s-dcp__group-text" data-prop="menText">рубашки, поло, брюки, костюмы
туфли или лоферы</p></div></div>
      </div>
    </section>"
`;
