// Vitest Snapshot v1, https://vitest.dev/guide/snapshot.html

exports[`closing-collage > стабилен по снапшоту на дефолтах 1`] = `
"
    <section class="s-cc">
      <div class="s-cc__stage">
        <img class="s-cc__photo s-cc__photo--left" src="/img/closing-collage/photo-left.png" alt="" loading="lazy" />
        <img class="s-cc__photo s-cc__photo--right" src="/img/closing-collage/photo-right.png" alt="" loading="lazy" />
        <img class="s-cc__deco s-cc__deco--pearl-a" src="/img/closing-collage/pearl-a.png" alt="" aria-hidden="true" loading="lazy" />
        <img class="s-cc__deco s-cc__deco--pearl-b" src="/img/closing-collage/pearl-b.png" alt="" aria-hidden="true" loading="lazy" />
        <img class="s-cc__deco s-cc__deco--pearl-c" src="/img/closing-collage/pearl-c.png" alt="" aria-hidden="true" loading="lazy" />
        <img class="s-cc__deco s-cc__deco--shell" src="/img/closing-collage/shell.png" alt="" aria-hidden="true" loading="lazy" />
        <div class="s-cc__monogram" aria-label="Д &amp; М">
        <span class="s-cc__letter s-cc__letter--left" data-prop="letterLeft">Д</span>
        <span class="s-cc__letter s-cc__letter--amp" data-prop="amp">&amp;</span>
        <span class="s-cc__letter s-cc__letter--right" data-prop="letterRight">М</span>
      </div>
      </div>
    </section>"
`;
