// Vitest Snapshot v1, https://vitest.dev/guide/snapshot.html

exports[`schedule > стабилен по снапшоту на дефолтах 1`] = `
"
    <section class="s-schedule">
      <h2 class="s-schedule__title" data-prop="title">ПРОГРАММА ДНЯ</h2>
      <ol class="s-schedule__list">
      <li class="s-schedule__item" data-prop="item1">16:00 Сбор гостей</li>
      <li class="s-schedule__item" data-prop="item2">17:00 Церемония</li>
      <li class="s-schedule__item" data-prop="item3">18:00 Банкет</li>
      <li class="s-schedule__item" data-prop="item4">21:00 Фейерверк</li>
      </ol>
    </section>"
`;
